// Jest Snapshot v1, https://goo.gl/fbAQLP

exports[`<Main /> should render the heading 1`] = `
<main
  class="styles__Wrapper-dzx1ao-0 eCOSAq"
>
  <img
    alt="Imagem de um átomo e React Avançado escrito ao lado"
    class="styles__Logo-dzx1ao-1 dUetyB"
    src="/img/logo.svg"
  />
  <h1
    class="styles__Title-dzx1ao-2 edokyf"
  >
    react avançado
  </h1>
  <h2
    class="styles__Description-dzx1ao-3 gfCskk"
  >
    Typescript, ReactJS, NextJS e Styled ComponentsS
  </h2>
  <img
    alt="Um desenvolvedor de frente para a tela com código"
    class="styles__Illustration-dzx1ao-4 eFjWHX"
    src="/img/hero-illustration.svg"
  />
</main>
`
